indexindex
index3
index203
index5
index204
index6
index206
index9
index208
index12
index210
index14
index213
index15
index215
index17
index218
index19
index221
index23
index222
index24
index223
index27
index226
index4
index205
index10
index207
index11
index211
index13
index212
index16
index214
index18
index219
index21
index220
index22
index224
index25
index225
index26
index228
index29
index229
index30
index249
index49
index251
index50
index252
index51
index253
index52
index254
index53
index255
index54
index256
index55
index257
index56
index258
index57
index259
index59
index260
index60
index261
index61
index262
index62
index263
index63
index264
index64
index265
index65
index266
index66
index268
index67
index269
index68
index270
index32
index231
index33
index233
index34
index234
index35
index235
index36
index236
index37
index237
index38
index239
index39
index240
index40
index241
index41
index242
index42
index243
index43
index244
index44
index245
index45
index246
index47
index248
index48
index201
index69
index271
index1
index209
index70
index216
index8
index273
index72
index227
index28
index230
index73
index275
index31
index277
index75
index280
index78
index282
index80
index284
index81
index286
index82
index288
index94
index272
index46
index247
index74
index276
index76
index278
index79
index279
index58
index283
index83
index287
index84
index289
index85
index267
index86
index290
index87
index291
index88
index292
index91
index297
index92
index298
index93
index299
index95
index301
index98
index302
index100
index303
index101
index304
index102
index305
index104
index307
index105
index308
index109
index309
index111
index312
index112
index250
index108
index313
index110
index314
index113
index315
index137
index316
index106
index317
index142
index318
index143
index300
index99
index344
index103
index345
index134
index348
index107
index310
index340
index306
index360
index311
index71
index127
index128
index130
index132
index334
index77
index335
index89
index336
index136
index281
index139
index355
index90
index346
index140
index347
index141
index349
index146
index293
index151
index350
index133
index359
index165
index338
index129
index339
index131
index365
index186
index332
index135
index333
index171
index337
index138
index351
index148
index352
index194
index353
index144
index354
index145
index376
index193
index341
index147
index342
index162
index343
index164
index361
index181
index394
index184
index356
index187
index357
index192
index400
index195
index285
index196
index393
index197
index358
index198
index368
index199
index364
index200
index366
index168
index388
index169
index390
index173
index395
index174
index396
index176
index397
index177
index398
index124
index399
index149
index379
index150
index380
index152
index381
index154
index382
index155
index383
index160
index384
index163
index371
index178
index373
index179
index367
index180
index385
index183
index386
index188
index387
index189
index389
index182
index391
index185
index375
index166
index377
index167
index378
index170
index363
index172
index274
index175
index217
index161
index392
index20
index331
index190
index202
index191
index369
index126
index370
index2
index372
index7
index232
index153
index374
index156
index294
index157
index295
index158
index238
index96
index362
index159
index296
0 0.000000 
dos2unix: Failed to open temporary output file: Permission denied
dos2unix: converting file /ibmgpfs/cuizaixu_lab/xuxiaoyu/ABCD/batch_code/SIEMENS/dMRI/schaefer376_index_Yeo17.csv to Unix format ...
dos2unix: problems converting file /ibmgpfs/cuizaixu_lab/xuxiaoyu/ABCD/batch_code/SIEMENS/dMRI/schaefer376_index_Yeo17.csv
/var/spool/slurmd/job12585302/slurm_script: line 43: [: Yeo.resolutionnode: integer expression expected
/var/spool/slurmd/job12585302/slurm_script: line 43: [: Yeo.resolutionnode: integer expression expected
/var/spool/slurmd/job12585302/slurm_script: line 43: [: Yeo.resolutionnode: integer expression expected
/var/spool/slurmd/job12585302/slurm_script: line 43: [: Yeo.resolutionnode: integer expression expected
/var/spool/slurmd/job12585302/slurm_script: line 43: [: Yeo.resolutionnode: integer expression expected
/var/spool/slurmd/job12585302/slurm_script: line 43: [: Yeo.resolutionnode: integer expression expected
/var/spool/slurmd/job12585302/slurm_script: line 43: [: Yeo.resolutionnode: integer expression expected
/var/spool/slurmd/job12585302/slurm_script: line 43: [: Yeo.resolutionnode: integer expression expected
/var/spool/slurmd/job12585302/slurm_script: line 43: [: Yeo.resolutionnode: integer expression expected
/var/spool/slurmd/job12585302/slurm_script: line 43: [: Yeo.resolutionnode: integer expression expected
/var/spool/slurmd/job12585302/slurm_script: line 43: [: Yeo.resolutionnode: integer expression expected
/var/spool/slurmd/job12585302/slurm_script: line 43: [: Yeo.resolutionnode: integer expression expected
/var/spool/slurmd/job12585302/slurm_script: line 43: [: Yeo.resolutionnode: integer expression expected
/var/spool/slurmd/job12585302/slurm_script: line 43: [: Yeo.resolutionnode: integer expression expected
/var/spool/slurmd/job12585302/slurm_script: line 43: [: Yeo.resolutionnode: integer expression expected
Schaefer3 network3
Schaefer203 network3
Schaefer5 network3
Schaefer204 network3
Schaefer6 network3
Schaefer206 network3
Schaefer9 network3
Schaefer208 network3
Schaefer12 network3
Schaefer210 network3
Schaefer14 network3
Schaefer213 network3
Schaefer15 network3
Schaefer215 network3
Schaefer17 network3
Schaefer218 network3
Schaefer19 network3
Schaefer221 network3
Schaefer23 network3
Schaefer222 network3
Schaefer24 network3
Schaefer223 network3
Schaefer27 network3
Schaefer226 network3
Schaefer4 network1
Schaefer205 network1
Schaefer10 network1
Schaefer207 network1
Schaefer11 network1
Schaefer211 network1
Schaefer13 network1
Schaefer212 network1
Schaefer16 network1
Schaefer214 network1
Schaefer18 network1
Schaefer219 network1
Schaefer21 network1
Schaefer220 network1
Schaefer22 network1
Schaefer224 network1
Schaefer25 network1
Schaefer225 network1
Schaefer26 network1
Schaefer228 network1
Schaefer29 network1
Schaefer229 network1
Schaefer30 network1
Schaefer249 network2
Schaefer49 network2
Schaefer251 network2
Schaefer50 network2
Schaefer252 network2
Schaefer51 network2
Schaefer253 network2
Schaefer52 network2
Schaefer254 network2
Schaefer53 network2
Schaefer255 network2
Schaefer54 network2
Schaefer256 network2
Schaefer55 network2
Schaefer257 network2
Schaefer56 network2
Schaefer258 network2
Schaefer57 network2
Schaefer259 network2
Schaefer59 network2
Schaefer260 network2
Schaefer60 network2
Schaefer261 network2
Schaefer61 network2
Schaefer262 network2
Schaefer62 network2
Schaefer263 network2
Schaefer63 network2
Schaefer264 network2
Schaefer64 network2
Schaefer265 network2
Schaefer65 network2
Schaefer266 network2
Schaefer66 network2
Schaefer268 network2
Schaefer67 network2
Schaefer269 network2
Schaefer68 network2
Schaefer270 network2
Schaefer32 network4
Schaefer231 network4
Schaefer33 network4
Schaefer233 network4
Schaefer34 network4
Schaefer234 network4
Schaefer35 network4
Schaefer235 network4
Schaefer36 network4
Schaefer236 network4
Schaefer37 network4
Schaefer237 network4
Schaefer38 network4
Schaefer239 network4
Schaefer39 network4
Schaefer240 network4
Schaefer40 network4
Schaefer241 network4
Schaefer41 network4
Schaefer242 network4
Schaefer42 network4
Schaefer243 network4
Schaefer43 network4
Schaefer244 network4
Schaefer44 network4
Schaefer245 network4
Schaefer45 network4
Schaefer246 network4
Schaefer47 network4
Schaefer248 network4
Schaefer48 network4
Schaefer201 network5
Schaefer69 network5
Schaefer271 network5
Schaefer1 network5
Schaefer209 network5
Schaefer70 network5
Schaefer216 network5
Schaefer8 network5
Schaefer273 network5
Schaefer72 network5
Schaefer227 network5
Schaefer28 network5
Schaefer230 network5
Schaefer73 network5
Schaefer275 network5
Schaefer31 network5
Schaefer277 network5
Schaefer75 network5
Schaefer280 network5
Schaefer78 network5
Schaefer282 network5
Schaefer80 network5
Schaefer284 network5
Schaefer81 network5
Schaefer286 network5
Schaefer82 network5
Schaefer288 network5
Schaefer94 network6
Schaefer272 network6
Schaefer46 network6
Schaefer247 network6
Schaefer74 network6
Schaefer276 network6
Schaefer76 network6
Schaefer278 network6
Schaefer79 network6
Schaefer279 network6
Schaefer58 network6
Schaefer283 network6
Schaefer83 network6
Schaefer287 network6
Schaefer84 network6
Schaefer289 network6
Schaefer85 network6
Schaefer267 network6
Schaefer86 network6
Schaefer290 network6
Schaefer87 network6
Schaefer291 network6
Schaefer88 network6
Schaefer292 network6
Schaefer91 network6
Schaefer297 network9
Schaefer92 network9
Schaefer298 network9
Schaefer93 network9
Schaefer299 network9
Schaefer95 network9
Schaefer301 network9
Schaefer98 network9
Schaefer302 network9
Schaefer100 network9
Schaefer303 network9
Schaefer101 network9
Schaefer304 network9
Schaefer102 network9
Schaefer305 network9
Schaefer104 network9
Schaefer307 network9
Schaefer105 network9
Schaefer308 network9
Schaefer109 network9
Schaefer309 network9
Schaefer111 network9
Schaefer312 network9
Schaefer112 network9
Schaefer250 network9
Schaefer108 network9
Schaefer313 network9
Schaefer110 network9
Schaefer314 network9
Schaefer113 network9
Schaefer315 network9
Schaefer137 network12
Schaefer316 network9
Schaefer106 network12
Schaefer317 network9
Schaefer142 network12
Schaefer318 network9
Schaefer143 network12
Schaefer300 network12
Schaefer99 network12
Schaefer344 network12
Schaefer103 network12
Schaefer345 network12
Schaefer134 network12
Schaefer348 network12
Schaefer107 network12
Schaefer310 network12
Schaefer340 network12
Schaefer306 network12
Schaefer360 network12
Schaefer311 network12
Schaefer71 network11
Schaefer127 network11
Schaefer128 network11
Schaefer130 network11
Schaefer132 network11
Schaefer334 network11
Schaefer77 network11
Schaefer335 network11
Schaefer89 network11
Schaefer336 network11
Schaefer136 network11
Schaefer281 network11
Schaefer139 network11
Schaefer355 network11
Schaefer90 network11
Schaefer346 network11
Schaefer140 network11
Schaefer347 network11
Schaefer141 network11
Schaefer349 network11
Schaefer146 network11
Schaefer293 network11
Schaefer151 network14
Schaefer350 network11
Schaefer133 network14
Schaefer359 network11
Schaefer165 network14
Schaefer338 network14
Schaefer129 network14
Schaefer339 network14
Schaefer131 network14
Schaefer365 network14
Schaefer186 network14
Schaefer332 network14
Schaefer135 network14
Schaefer333 network14
Schaefer171 network14
Schaefer337 network14
Schaefer138 network14
Schaefer351 network14
Schaefer148 network14
Schaefer352 network14
Schaefer194 network7
Schaefer353 network14
Schaefer144 network7
Schaefer354 network14
Schaefer145 network7
Schaefer376 network14
Schaefer193 network7
Schaefer341 network14
Schaefer147 network7
Schaefer342 network14
Schaefer162 network13
Schaefer343 network14
Schaefer164 network13
Schaefer361 network14
Schaefer181 network13
Schaefer394 network7
Schaefer184 network13
Schaefer356 network7
Schaefer187 network13
Schaefer357 network7
Schaefer192 network13
Schaefer400 network7
Schaefer195 network13
Schaefer285 network7
Schaefer196 network13
Schaefer393 network7
Schaefer197 network13
Schaefer358 network7
Schaefer198 network13
Schaefer368 network13
Schaefer199 network13
Schaefer364 network13
Schaefer200 network13
Schaefer366 network13
Schaefer168 network13
Schaefer388 network13
Schaefer169 network13
Schaefer390 network13
Schaefer173 network13
Schaefer395 network13
Schaefer174 network13
Schaefer396 network13
Schaefer176 network13
Schaefer397 network13
Schaefer177 network13
Schaefer398 network13
Schaefer124 network15
Schaefer399 network13
Schaefer149 network15
Schaefer379 network13
Schaefer150 network15
Schaefer380 network13
Schaefer152 network15
Schaefer381 network13
Schaefer154 network15
Schaefer382 network13
Schaefer155 network15
Schaefer383 network13
Schaefer160 network15
Schaefer384 network13
Schaefer163 network15
Schaefer371 network15
Schaefer178 network15
Schaefer373 network15
Schaefer179 network15
Schaefer367 network15
Schaefer180 network15
Schaefer385 network15
Schaefer183 network15
Schaefer386 network15
Schaefer188 network15
Schaefer387 network15
Schaefer189 network15
Schaefer389 network15
Schaefer182 network15
Schaefer391 network15
Schaefer185 network15
Schaefer375 network15
Schaefer166 network15
Schaefer377 network15
Schaefer167 network15
Schaefer378 network15
Schaefer170 network15
Schaefer363 network8
Schaefer172 network15
Schaefer274 network8
Schaefer175 network15
Schaefer217 network8
Schaefer161 network8
Schaefer392 network8
Schaefer20 network8
Schaefer331 network8
Schaefer190 network8
Schaefer202 network8
Schaefer191 network8
Schaefer369 network10
Schaefer126 network8
Schaefer370 network10
Schaefer2 network8
Schaefer372 network10
Schaefer7 network8
Schaefer232 network10
Schaefer153 network10
Schaefer374 network10
Schaefer156 network10
Schaefer294 network10
Schaefer157 network10
Schaefer295 network10
Schaefer158 network10
Schaefer238 network10
Schaefer96 network10
Schaefer362 network10
Schaefer159 network10
Schaefer296 network10
